/Users/weilonprice/Documents/zombie shooter/zombie shooter/ArtSource/NormalZombie/build_zombie.py:34: DeprecationWarning: 'Material.use_nodes' is expected to be removed in Blender 6.0
  m=bpy.data.materials.new(name); m.diffuse_color=(*color,1); m.use_nodes=True
/Users/weilonprice/Documents/zombie shooter/zombie shooter/ArtSource/NormalZombie/build_zombie.py:242: DeprecationWarning: 'Material.use_nodes' is expected to be removed in Blender 6.0
  material=bpy.data.materials.new('NormalZombie • unified palette');material.use_nodes=True

FBX export starting... '/Users/weilonprice/Documents/zombie shooter/zombie shooter/Assets/_Project/Art/Characters/NormalZombie/NormalZombie.fbx'
(bpy.data.armatures['NormalZombie_Skeleton'], 'POSE')
export finished in 0.1236 sec.
INFO Draco is available, use library at /Applications/Blender.app/Contents/Resources/5.2/scripts/addons_core/io_scene_gltf2/libbf_intern_draco_bridge.dylib
INFO MeshOptimizer is available, use library at /Applications/Blender.app/Contents/Resources/5.2/scripts/addons_core/io_scene_gltf2/libbf_intern_meshopt_bridge.dylib
18:42:39 | INFO: Starting glTF 2.0 export
18:42:39 | INFO: Extracting primitive: Trousers waist
18:42:39 | INFO: Primitives created: 1
18:42:39 | INFO: Finished glTF 2.0 export in 0.15781497955322266 s
/Users/weilonprice/Documents/zombie shooter/zombie shooter/ArtSource/NormalZombie/build_zombie.py:34: DeprecationWarning: 'Material.use_nodes' is expected to be removed in Blender 6.0
  m=bpy.data.materials.new(name); m.diffuse_color=(*color,1); m.use_nodes=True
00:07.651  render           | Saved: '/Users/weilonprice/Documents/zombie shooter/zombie shooter/ArtSource/NormalZombie/NormalZombie_Preview.png'
00:08.357  render           | Saved: '/Users/weilonprice/Documents/zombie shooter/zombie shooter/ArtSource/NormalZombie/proof/Chase_01.png'
00:08.975  render           | Saved: '/Users/weilonprice/Documents/zombie shooter/zombie shooter/ArtSource/NormalZombie/proof/Chase_09.png'
00:09.631  render           | Saved: '/Users/weilonprice/Documents/zombie shooter/zombie shooter/ArtSource/NormalZombie/proof/Chase_25.png'
00:10.297  render           | Saved: '/Users/weilonprice/Documents/zombie shooter/zombie shooter/ArtSource/NormalZombie/proof/Attack_08.png'
00:10.922  render           | Saved: '/Users/weilonprice/Documents/zombie shooter/zombie shooter/ArtSource/NormalZombie/proof/Attack_18.png'
00:11.576  render           | Saved: '/Users/weilonprice/Documents/zombie shooter/zombie shooter/ArtSource/NormalZombie/proof/Attack_32.png'
00:12.198  render           | Saved: '/Users/weilonprice/Documents/zombie shooter/zombie shooter/ArtSource/NormalZombie/proof/GetShot_01.png'
00:12.871  render           | Saved: '/Users/weilonprice/Documents/zombie shooter/zombie shooter/ArtSource/NormalZombie/proof/GetShot_04.png'
00:13.617  render           | Saved: '/Users/weilonprice/Documents/zombie shooter/zombie shooter/ArtSource/NormalZombie/proof/GetShot_12.png'
00:14.431  render           | Saved: '/Users/weilonprice/Documents/zombie shooter/zombie shooter/ArtSource/NormalZombie/proof/Stagger_07.png'
00:15.072  render           | Saved: '/Users/weilonprice/Documents/zombie shooter/zombie shooter/ArtSource/NormalZombie/proof/Stagger_15.png'
00:15.680  render           | Saved: '/Users/weilonprice/Documents/zombie shooter/zombie shooter/ArtSource/NormalZombie/proof/Stagger_34.png'
00:16.323  render           | Saved: '/Users/weilonprice/Documents/zombie shooter/zombie shooter/ArtSource/NormalZombie/proof/Death_17.png'
00:16.936  render           | Saved: '/Users/weilonprice/Documents/zombie shooter/zombie shooter/ArtSource/NormalZombie/proof/Death_32.png'
00:17.536  render           | Saved: '/Users/weilonprice/Documents/zombie shooter/zombie shooter/ArtSource/NormalZombie/proof/Death_55.png'

Info: Saved as "NormalZombie.blend"
ZOMBIE_BUILD_COMPLETE 3588 6660
Blender 5.2.1 LTS (hash 9e2066aef7ef built 2026-08-25 01:35:57)

Blender quit
